// Jest Snapshot v1, https://goo.gl/fbAQLP

exports[`Test in <AboutMeSection/> should match snapshot 1`] = `
<div>
  <section
    class="aboutme-section"
    id="aboutme"
  >
    <h3
      class="aboutme__title subtitle"
    >
      SOBRE MI
    </h3>
    <p
      class="aboutme__text"
    >
      Hola 游녦 mi nombre es Jes칰s Valencia, he culminado mis estudios de 
      <strong>
        Dise침o y Desarrollo de Software
      </strong>
       en el instituto 
      <strong>
        Certus
      </strong>
      . Durante mi tiempo en el instituto, he podido conocer las  diversas 치reas del desarrollo de software, estableciendo conexiones con compa침eros programadores, compartiendo ideas y desarrollando juntos.
    </p>
    <br />
    <p
      class="aboutme__text"
    >
      Como programador mi enfoque se orienta a la creaci칩n de sitios web funcionales, con experiencia desarrollando tanto frontend como backend.
    </p>
  </section>
</div>
`;
